// Jest Snapshot v1, https://goo.gl/fbAQLP

exports[`matches snapshot 1`] = `
Array [
  <div
    className="row"
  >
    <div
      className="col-md-2"
    />
    <div
      className="col"
    >
      <div
        className="wrapper fadeInDown folioContent"
        id="folioContent"
      >
        <div
          className="table-responsive"
        >
          <div
            className="table-responsive"
          >
            <table
              className="table borderless table-hover table"
              id="stocks-view"
            >
              <thead>
                <tr>
                  <th
                    scope="col"
                  >
                    Stock
                  </th>
                  <th
                    scope="col"
                  >
                    Current Price
                  </th>
                </tr>
              </thead>
              <tbody
                id="stocks-body"
              >
                <tr>
                  <td>
                    Amazon
                  </td>
                  <td>
                    3400
                  </td>
                </tr>
                <tr>
                  <td>
                    Tesla
                  </td>
                  <td>
                    715
                  </td>
                </tr>
                <tr>
                  <td>
                    AMC
                  </td>
                  <td>
                    33
                  </td>
                </tr>
                <tr>
                  <td>
                    GME
                  </td>
                  <td>
                    180
                  </td>
                </tr>
                <tr>
                  <td>
                    LYFT
                  </td>
                  <td>
                    120
                  </td>
                </tr>
                <tr>
                  <td>
                    UBER
                  </td>
                  <td>
                    200
                  </td>
                </tr>
              </tbody>
            </table>
          </div>
          <button
            className="btn btn-primary"
            disabled={false}
            onClick={[MockFunction]}
            type="button"
          >
            Hide Details
          </button>
        </div>
      </div>
    </div>
    <div
      className="col-md-2"
    />
  </div>,
  <div
    className="row"
  >
    <div
      className="col"
    />
    <div
      className="col"
    >
      <div>
        <canvas
          data-testid="canvas"
          height={150}
          onClick={[Function]}
          role="img"
          width={300}
        />
      </div>
    </div>
    <div
      className="col"
    />
  </div>,
]
`;
