// Jest Snapshot v1, https://goo.gl/fbAQLP

exports[`login returns LoginForm 1`] = `ShallowWrapper {}`;
