// Jest Snapshot v1, https://goo.gl/fbAQLP

exports[`matches snapshot 1`] = `
<div>
  <canvas
    data-testid="canvas"
    height={150}
    onClick={[Function]}
    role="img"
    width={300}
  />
</div>
`;
