// Jest Snapshot v1, https://goo.gl/fbAQLP

exports[`portfolio view rendering matches snapshot 1`] = `ShallowWrapper {}`;
