// Jest Snapshot v1, https://goo.gl/fbAQLP

exports[`matches snapshot 1`] = `
<div
  style={
    Object {
      "backgroundColor": "#B9B9BA",
    }
  }
>
  <h2
    id="account-header"
  >
    <span
      id="header-span"
    >
      Username
    </span>
  </h2>
  <div
    className="row"
  >
    <div
      className="col-md-2 col-6"
    >
      <img
        className="rounded"
        src="exampleimg.svg"
      />
    </div>
    <div
      className="col"
    >
      <div
        className="center card"
        style={
          Object {
            "border": "2px solid #F26925",
            "width": "50rem",
          }
        }
      >
        <img
          className="card-img-top"
        />
        <div
          className="card-body"
        >
          <div
            className="card-title h5"
          >
            Portfolio 1
          </div>
          <p
            className="card-text"
          >
            Current value: 
            1000
             %change placeholder
          </p>
          <button
            className="btn btn-primary"
            disabled={false}
            onClick={[Function]}
            type="button"
          >
            Details
          </button>
        </div>
      </div>
    </div>
    <div
      className="col-md-2"
    />
  </div>
   
  <br />
  <div
    className="row"
  >
    <div
      className="col-md-2 col-6"
    >
      <img
        className="rounded"
        src="exampleimg.svg"
      />
    </div>
    <div
      className="col"
    >
      <div
        className="center card"
        style={
          Object {
            "border": "2px solid #F26925",
            "width": "50rem",
          }
        }
      >
        <img
          className="card-img-top"
        />
        <div
          className="card-body"
        >
          <div
            className="card-title h5"
          >
            Portfolio 2
          </div>
          <p
            className="card-text"
          >
            Current value: 
            145641
             %change placeholder
          </p>
          <button
            className="btn btn-primary"
            disabled={false}
            onClick={[Function]}
            type="button"
          >
            Details
          </button>
        </div>
      </div>
    </div>
    <div
      className="col-md-2"
    />
  </div>
   
  <br />
  <div
    className="row"
  >
    <div
      className="col-md-2 col-6"
    >
      <img
        className="rounded"
        src="exampleimg.svg"
      />
    </div>
    <div
      className="col"
    >
      <div
        className="center card"
        style={
          Object {
            "border": "2px solid #F26925",
            "width": "50rem",
          }
        }
      >
        <img
          className="card-img-top"
        />
        <div
          className="card-body"
        >
          <div
            className="card-title h5"
          >
            Portfolio 3
          </div>
          <p
            className="card-text"
          >
            Current value: 
            1840
             %change placeholder
          </p>
          <button
            className="btn btn-primary"
            disabled={false}
            onClick={[Function]}
            type="button"
          >
            Details
          </button>
        </div>
      </div>
    </div>
    <div
      className="col-md-2"
    />
  </div>
   
  <br />
</div>
`;
