// Jest Snapshot v1, https://goo.gl/fbAQLP

exports[`matches snapshot 1`] = `
<div
  className="App"
  data-testid="login-form"
>
  <form
    className=""
  >
    <div
      className="aroundLogo"
    >
      <img
        alt="revature logo"
        className="logo"
        src="revlogo.jpg"
      />
    </div>
    <div
      className="form-inner"
    >
      <h4>
        Portfolio Manager
      </h4>
      <div
        className="form-group"
      >
        <label
          className="form-label"
          htmlFor="formBasicEmail"
        >
          Email:
        </label>
        <input
          className="ChangePasswordInput form-control"
          id="formBasicEmail"
          name="email"
          placeholder="Enter your Email"
        />
      </div>
      <button
        className="submitButton mt-2"
        type="submit"
      >
        Get Code
      </button>
      <h5 />
      <div
        className="form-group"
      >
        <label
          className="form-label"
          htmlFor="formBasicCode"
        >
          Confirmation Code:
        </label>
        <input
          className="ChangePasswordInput form-control"
          id="formBasicCode"
          name="code"
          placeholder="Enter your code"
          type="number"
        />
      </div>
      <div
        className="form-group"
      >
        <label
          className="form-label"
          htmlFor="formBasicPassword"
        >
          Password:
        </label>
        <input
          className="ChangePasswordInput form-control"
          id="formBasicPassword"
          name="password"
          placeholder="Enter your password"
          type="password"
        />
      </div>
      <div
        className="form-group"
      >
        <label
          className="form-label"
          htmlFor="form-confirm-password"
        >
          Confirm Password:
        </label>
        <input
          className="form-control"
          id="form-confirm-password"
          name="confirmPassword"
          placeholder="Re-enter your password"
          required={true}
          type="password"
        />
      </div>
      <button
        className="submitButton mt-2"
        type="submit"
      >
        Confirm
      </button>
      <h5 />
    </div>
  </form>
</div>
`;
