// Jest Snapshot v1, https://goo.gl/fbAQLP

exports[`matches snapshot 1`] = `
<button
  className="sc-bdnxRM ceAwFl float"
  onClick={[Function]}
>
  CHANGE THEME
</button>
`;
